<?xml version="1.0" encoding="utf-8"?>
<TestRun id="ab4771a4-e991-42f1-b0f7-f73f36a2269c" name="@dd44c08f07bc 2021-03-23 01:50:06" xmlns="http://microsoft.com/schemas/VisualStudio/TeamTest/2010">
  <Times creation="2021-03-23T01:50:06.3815427+00:00" queuing="2021-03-23T01:50:06.3815428+00:00" start="2021-03-23T01:50:02.9905333+00:00" finish="2021-03-23T01:50:07.4233921+00:00" />
  <TestSettings name="default" id="5dc9b2c9-058a-4ad8-96ef-8fb31eef2180">
    <Deployment runDeploymentRoot="_dd44c08f07bc_2021-03-23_01_50_06" />
  </TestSettings>
  <Results>
    <UnitTestResult executionId="f7fc08cb-6619-4996-87fb-2c67f96f7335" testId="24bc6fed-b113-5c44-d785-89893d588203" testName="Scenes.Service.IntegrationTest.Controllers.ScenesControllerTest.PutScene_SceneNotFound_Returns404NotFoundAsync" computerName="dd44c08f07bc" duration="00:00:00.0379902" startTime="2021-03-23T01:50:07.1737005+00:00" endTime="2021-03-23T01:50:07.1737007+00:00" testType="13cdc9d9-ddb5-4fa4-a97d-d965ccfc6d4b" outcome="Passed" testListId="8c84fa94-04c1-424b-9868-57a2d4851a1d" relativeResultsDirectory="f7fc08cb-6619-4996-87fb-2c67f96f7335" />
    <UnitTestResult executionId="7536e554-5b8c-4762-ab17-d9b25be36730" testId="dcdd9c27-bcfc-a5a0-a56b-fd1153a97c55" testName="Scenes.Service.IntegrationTest.Controllers.ScenesControllerTest.GetPage_FirstPage_Returns200OkAsync(path: &quot;/scenes?first=3&quot;)" computerName="dd44c08f07bc" duration="00:00:00.0410292" startTime="2021-03-23T01:50:06.2676568+00:00" endTime="2021-03-23T01:50:06.2676570+00:00" testType="13cdc9d9-ddb5-4fa4-a97d-d965ccfc6d4b" outcome="Passed" testListId="8c84fa94-04c1-424b-9868-57a2d4851a1d" relativeResultsDirectory="7536e554-5b8c-4762-ab17-d9b25be36730" />
    <UnitTestResult executionId="ef9b63a2-abc7-4f1d-a4a3-7337642ce1e9" testId="34c8467c-77d8-fc11-f3fb-e567b1b62d71" testName="Scenes.Service.IntegrationTest.Controllers.ScenesControllerTest.Delete_SceneFound_Returns204NoContentAsync" computerName="dd44c08f07bc" duration="00:00:00.0360619" startTime="2021-03-23T01:50:06.4733567+00:00" endTime="2021-03-23T01:50:06.4733569+00:00" testType="13cdc9d9-ddb5-4fa4-a97d-d965ccfc6d4b" outcome="Passed" testListId="8c84fa94-04c1-424b-9868-57a2d4851a1d" relativeResultsDirectory="ef9b63a2-abc7-4f1d-a4a3-7337642ce1e9" />
    <UnitTestResult executionId="1d0fcbd4-c2f4-4dbf-a7d1-f952cef1e65e" testId="8de16c90-db30-75f3-94f6-12dd13247d6b" testName="Scenes.Service.IntegrationTest.Controllers.ScenesControllerTest.Options_ScenesRoot_Returns200OkAsync" computerName="dd44c08f07bc" duration="00:00:00.0311628" startTime="2021-03-23T01:50:07.1355162+00:00" endTime="2021-03-23T01:50:07.1355164+00:00" testType="13cdc9d9-ddb5-4fa4-a97d-d965ccfc6d4b" outcome="Passed" testListId="8c84fa94-04c1-424b-9868-57a2d4851a1d" relativeResultsDirectory="1d0fcbd4-c2f4-4dbf-a7d1-f952cef1e65e" />
    <UnitTestResult executionId="9e864bea-c697-45e5-93b1-2e59f497278e" testId="5258c110-2d46-cd29-485c-b08302b45f78" testName="Scenes.Service.IntegrationTest.Controllers.ScenesControllerTest.PostScene_UnsupportedMediaType_Returns415UnsupportedMediaTypeAsync" computerName="dd44c08f07bc" duration="00:00:00.0378521" startTime="2021-03-23T01:50:06.7730652+00:00" endTime="2021-03-23T01:50:06.7730655+00:00" testType="13cdc9d9-ddb5-4fa4-a97d-d965ccfc6d4b" outcome="Passed" testListId="8c84fa94-04c1-424b-9868-57a2d4851a1d" relativeResultsDirectory="9e864bea-c697-45e5-93b1-2e59f497278e" />
    <UnitTestResult executionId="01d33fbd-9a96-4d70-95bd-3f341a317bd2" testId="d7a76488-c404-cc0a-6a8c-61174c1afd78" testName="Scenes.Service.IntegrationTest.Controllers.ScenesControllerTest.Get_SceneNotModifiedSince_Returns304NotModifiedAsync" computerName="dd44c08f07bc" duration="00:00:00.0360993" startTime="2021-03-23T01:50:06.9489224+00:00" endTime="2021-03-23T01:50:06.9489226+00:00" testType="13cdc9d9-ddb5-4fa4-a97d-d965ccfc6d4b" outcome="Passed" testListId="8c84fa94-04c1-424b-9868-57a2d4851a1d" relativeResultsDirectory="01d33fbd-9a96-4d70-95bd-3f341a317bd2" />
    <UnitTestResult executionId="e474912c-8b9f-4f29-a875-7d3df4dedc1f" testId="cf207dd8-fed9-064b-bd97-7e63c80a7503" testName="Scenes.Service.IntegrationTest.Controllers.ScenesControllerTest.PostScene_Invalid_Returns400BadRequestAsync" computerName="dd44c08f07bc" duration="00:00:00.0484592" startTime="2021-03-23T01:50:06.3979819+00:00" endTime="2021-03-23T01:50:06.3979821+00:00" testType="13cdc9d9-ddb5-4fa4-a97d-d965ccfc6d4b" outcome="Passed" testListId="8c84fa94-04c1-424b-9868-57a2d4851a1d" relativeResultsDirectory="e474912c-8b9f-4f29-a875-7d3df4dedc1f" />
    <UnitTestResult executionId="e071c9a3-9088-45e7-bee8-21cc02c107d7" testId="fbc82069-8f42-c5a1-a93a-62a80fccc6c4" testName="Scenes.Service.IntegrationTest.Controllers.ScenesControllerTest.Get_SceneFound_Returns200OkAsync" computerName="dd44c08f07bc" duration="00:00:00.0388684" startTime="2021-03-23T01:50:06.4370539+00:00" endTime="2021-03-23T01:50:06.4370541+00:00" testType="13cdc9d9-ddb5-4fa4-a97d-d965ccfc6d4b" outcome="Passed" testListId="8c84fa94-04c1-424b-9868-57a2d4851a1d" relativeResultsDirectory="e071c9a3-9088-45e7-bee8-21cc02c107d7" />
    <UnitTestResult executionId="6bb15836-6cb0-4d1d-bcc2-cd459183620c" testId="70ee9375-5ad8-d58e-41ed-f1a0f41c4f6d" testName="Scenes.Service.IntegrationTest.Controllers.ScenesControllerTest.Get_SceneHasBeenModifiedSince_Returns200OKAsync" computerName="dd44c08f07bc" duration="00:00:00.0340252" startTime="2021-03-23T01:50:07.0649764+00:00" endTime="2021-03-23T01:50:07.0649767+00:00" testType="13cdc9d9-ddb5-4fa4-a97d-d965ccfc6d4b" outcome="Passed" testListId="8c84fa94-04c1-424b-9868-57a2d4851a1d" relativeResultsDirectory="6bb15836-6cb0-4d1d-bcc2-cd459183620c" />
    <UnitTestResult executionId="b7b2711a-e4dd-4ac4-ba7a-029868220666" testId="9f06f87b-0b91-1c0c-b0d7-ca2f0d10d100" testName="Scenes.Service.IntegrationTest.Controllers.ScenesControllerTest.GetPage_FirstPage_Returns200OkAsync(path: &quot;/scenes?first=3&amp;after=THIS_IS_INVALID&quot;)" computerName="dd44c08f07bc" duration="00:00:00.0928347" startTime="2021-03-23T01:50:06.2264835+00:00" endTime="2021-03-23T01:50:06.2264837+00:00" testType="13cdc9d9-ddb5-4fa4-a97d-d965ccfc6d4b" outcome="Passed" testListId="8c84fa94-04c1-424b-9868-57a2d4851a1d" relativeResultsDirectory="b7b2711a-e4dd-4ac4-ba7a-029868220666" />
    <UnitTestResult executionId="2e676cfa-9497-4549-b3aa-9209aaa728a3" testId="200f90f8-fc4e-8c6a-39fe-29fa93cc4e05" testName="Scenes.Service.IntegrationTest.HealthCheckTest.GetStatus_Default_Returns200OkAsync" computerName="dd44c08f07bc" duration="00:00:00.0336558" startTime="2021-03-23T01:50:06.0884422+00:00" endTime="2021-03-23T01:50:06.0884423+00:00" testType="13cdc9d9-ddb5-4fa4-a97d-d965ccfc6d4b" outcome="Passed" testListId="8c84fa94-04c1-424b-9868-57a2d4851a1d" relativeResultsDirectory="2e676cfa-9497-4549-b3aa-9209aaa728a3">
      <Output>
        <StdOut>2021-03-23 01:50:06 [Warning] No output formatter was found for content types '["application/problem+json", "application/problem+xml"]' to write the response.
2021-03-23 01:50:06 [Information] HTTP "GET" "/scenes/1" responded 406 in 42.1739 ms</StdOut>
      </Output>
    </UnitTestResult>
    <UnitTestResult executionId="227d9233-bdf3-4b65-a2e0-0c01416dbb48" testId="a6959f4f-d2e2-93bd-f917-a86200a7c872" testName="Scenes.Service.IntegrationTest.Controllers.ScenesControllerTest.GetPage_LastPage_Returns200OkAsync(path: &quot;/scenes?last=3&amp;before=THIS_IS_INVALID&quot;)" computerName="dd44c08f07bc" duration="00:00:00.0420710" startTime="2021-03-23T01:50:06.6189284+00:00" endTime="2021-03-23T01:50:06.6189287+00:00" testType="13cdc9d9-ddb5-4fa4-a97d-d965ccfc6d4b" outcome="Passed" testListId="8c84fa94-04c1-424b-9868-57a2d4851a1d" relativeResultsDirectory="227d9233-bdf3-4b65-a2e0-0c01416dbb48" />
    <UnitTestResult executionId="2545da3d-709a-489a-a902-0c9ee9532a60" testId="35262777-0563-1b34-ed70-4b42be1147c8" testName="Scenes.Service.IntegrationTest.Controllers.ScenesControllerTest.PatchScene_ValidScene_Returns200OkAsync" computerName="dd44c08f07bc" duration="00:00:00.0602904" startTime="2021-03-23T01:50:06.5766637+00:00" endTime="2021-03-23T01:50:06.5766640+00:00" testType="13cdc9d9-ddb5-4fa4-a97d-d965ccfc6d4b" outcome="Passed" testListId="8c84fa94-04c1-424b-9868-57a2d4851a1d" relativeResultsDirectory="2545da3d-709a-489a-a902-0c9ee9532a60" />
    <UnitTestResult executionId="e96b2049-f078-4778-bce7-1fd472ce7d8b" testId="78b416c8-5924-d54f-f5be-59c23495c671" testName="Scenes.Service.IntegrationTest.Controllers.ScenesControllerTest.GetPage_SecondLastPage_Returns200OkAsync" computerName="dd44c08f07bc" duration="00:00:00.0439414" startTime="2021-03-23T01:50:06.9930477+00:00" endTime="2021-03-23T01:50:06.9930481+00:00" testType="13cdc9d9-ddb5-4fa4-a97d-d965ccfc6d4b" outcome="Passed" testListId="8c84fa94-04c1-424b-9868-57a2d4851a1d" relativeResultsDirectory="e96b2049-f078-4778-bce7-1fd472ce7d8b" />
    <UnitTestResult executionId="2008fa20-0e17-4c22-bfec-bc7da94ab163" testId="ccfb18b9-e708-7797-3de7-51b5838499d2" testName="Scenes.Service.IntegrationTest.Controllers.ScenesControllerTest.Get_InvalidAcceptHeader_Returns406NotAcceptableAsync" computerName="dd44c08f07bc" duration="00:00:00.4136044" startTime="2021-03-23T01:50:06.0752406+00:00" endTime="2021-03-23T01:50:06.0752410+00:00" testType="13cdc9d9-ddb5-4fa4-a97d-d965ccfc6d4b" outcome="Passed" testListId="8c84fa94-04c1-424b-9868-57a2d4851a1d" relativeResultsDirectory="2008fa20-0e17-4c22-bfec-bc7da94ab163" />
    <UnitTestResult executionId="708519f9-c858-4a42-a15b-40085ad5cce5" testId="b0c5d359-4b60-4de2-d605-9c4c2ff51718" testName="Scenes.Service.IntegrationTest.Controllers.ScenesControllerTest.GetPage_FirstPage_Returns200OkAsync(path: &quot;/scenes&quot;)" computerName="dd44c08f07bc" duration="00:00:00.0397320" startTime="2021-03-23T01:50:06.3076152+00:00" endTime="2021-03-23T01:50:06.3076155+00:00" testType="13cdc9d9-ddb5-4fa4-a97d-d965ccfc6d4b" outcome="Passed" testListId="8c84fa94-04c1-424b-9868-57a2d4851a1d" relativeResultsDirectory="708519f9-c858-4a42-a15b-40085ad5cce5" />
    <UnitTestResult executionId="ca715140-e0d6-4888-8f2c-9ceb2be01d8b" testId="7c199ac2-1d37-de2a-4b32-80accf954027" testName="Scenes.Service.IntegrationTest.Controllers.ScenesControllerTest.PostScene_Valid_Returns201CreatedAsync" computerName="dd44c08f07bc" duration="00:00:00.0435902" startTime="2021-03-23T01:50:06.9126065+00:00" endTime="2021-03-23T01:50:06.9126069+00:00" testType="13cdc9d9-ddb5-4fa4-a97d-d965ccfc6d4b" outcome="Passed" testListId="8c84fa94-04c1-424b-9868-57a2d4851a1d" relativeResultsDirectory="ca715140-e0d6-4888-8f2c-9ceb2be01d8b" />
    <UnitTestResult executionId="057b0390-3740-4c98-b531-7fca0c3a4dcb" testId="ec50ca7b-1f79-6395-b7de-24dab13e45fa" testName="Scenes.Service.IntegrationTest.Controllers.ScenesControllerTest.PutScene_Invalid_Returns400BadRequestAsync" computerName="dd44c08f07bc" duration="00:00:00.0375214" startTime="2021-03-23T01:50:07.0307720+00:00" endTime="2021-03-23T01:50:07.0307722+00:00" testType="13cdc9d9-ddb5-4fa4-a97d-d965ccfc6d4b" outcome="Passed" testListId="8c84fa94-04c1-424b-9868-57a2d4851a1d" relativeResultsDirectory="057b0390-3740-4c98-b531-7fca0c3a4dcb" />
    <UnitTestResult executionId="973d2013-d20b-45f3-9da0-b867973453c6" testId="c0a4a0bd-1119-a4e3-a035-0241732fbaaa" testName="Scenes.Service.IntegrationTest.Controllers.ScenesControllerTest.GetPage_MiddlePage_Returns200OkAsync" computerName="dd44c08f07bc" duration="00:00:00.0415149" startTime="2021-03-23T01:50:06.3492995+00:00" endTime="2021-03-23T01:50:06.3492998+00:00" testType="13cdc9d9-ddb5-4fa4-a97d-d965ccfc6d4b" outcome="Passed" testListId="8c84fa94-04c1-424b-9868-57a2d4851a1d" relativeResultsDirectory="973d2013-d20b-45f3-9da0-b867973453c6" />
    <UnitTestResult executionId="1c57e0c5-a6c6-42ec-a747-9dd35af7dc4f" testId="fd3660e6-8dcd-0103-39f1-198fee0d41fc" testName="Scenes.Service.IntegrationTest.HealthCheckTest.GetStatusSelf_Default_Returns200OkAsync" computerName="dd44c08f07bc" duration="00:00:00.3838319" startTime="2021-03-23T01:50:06.0534478+00:00" endTime="2021-03-23T01:50:06.0535854+00:00" testType="13cdc9d9-ddb5-4fa4-a97d-d965ccfc6d4b" outcome="Passed" testListId="8c84fa94-04c1-424b-9868-57a2d4851a1d" relativeResultsDirectory="1c57e0c5-a6c6-42ec-a747-9dd35af7dc4f" />
    <UnitTestResult executionId="70f0ebb6-9d40-49e3-8ce3-e2e074dcdafb" testId="99c59a98-5015-a060-6415-2bdb5f8c3e93" testName="Scenes.Service.IntegrationTest.Controllers.ScenesControllerTest.Delete_SceneNotFound_Returns404NotFoundAsync" computerName="dd44c08f07bc" duration="00:00:00.0584700" startTime="2021-03-23T01:50:06.1334020+00:00" endTime="2021-03-23T01:50:06.1334024+00:00" testType="13cdc9d9-ddb5-4fa4-a97d-d965ccfc6d4b" outcome="Passed" testListId="8c84fa94-04c1-424b-9868-57a2d4851a1d" relativeResultsDirectory="70f0ebb6-9d40-49e3-8ce3-e2e074dcdafb" />
    <UnitTestResult executionId="0f7bcda3-228a-45af-a83a-4f05ac3d372b" testId="be902804-5663-d16e-9f8a-bc9a7be5032f" testName="Scenes.Service.IntegrationTest.Controllers.ScenesControllerTest.GetPage_LastPage_Returns200OkAsync(path: &quot;/scenes?last=3&quot;)" computerName="dd44c08f07bc" duration="00:00:00.0410568" startTime="2021-03-23T01:50:06.6601726+00:00" endTime="2021-03-23T01:50:06.6601728+00:00" testType="13cdc9d9-ddb5-4fa4-a97d-d965ccfc6d4b" outcome="Passed" testListId="8c84fa94-04c1-424b-9868-57a2d4851a1d" relativeResultsDirectory="0f7bcda3-228a-45af-a83a-4f05ac3d372b" />
    <UnitTestResult executionId="b5a71e98-61cd-4cc9-b15e-e36f86238cc2" testId="e8f893bc-4992-6546-c237-f5387dfdbdf3" testName="Scenes.Service.IntegrationTest.Controllers.ScenesControllerTest.PatchScene_SceneNotFound_Returns404NotFoundAsync" computerName="dd44c08f07bc" duration="00:00:00.0351681" startTime="2021-03-23T01:50:07.2090596+00:00" endTime="2021-03-23T01:50:07.2090598+00:00" testType="13cdc9d9-ddb5-4fa4-a97d-d965ccfc6d4b" outcome="Passed" testListId="8c84fa94-04c1-424b-9868-57a2d4851a1d" relativeResultsDirectory="b5a71e98-61cd-4cc9-b15e-e36f86238cc2" />
    <UnitTestResult executionId="bc0ec14b-2a85-4eb7-a9c8-b14ee7c12d6b" testId="28f1a749-291a-a3b7-e91e-ee00bf7e9cf4" testName="Scenes.Service.IntegrationTest.Controllers.ScenesControllerTest.GetPage_SecondPage_Returns200OkAsync" computerName="dd44c08f07bc" duration="00:00:00.0426896" startTime="2021-03-23T01:50:06.8159453+00:00" endTime="2021-03-23T01:50:06.8159456+00:00" testType="13cdc9d9-ddb5-4fa4-a97d-d965ccfc6d4b" outcome="Passed" testListId="8c84fa94-04c1-424b-9868-57a2d4851a1d" relativeResultsDirectory="bc0ec14b-2a85-4eb7-a9c8-b14ee7c12d6b" />
    <UnitTestResult executionId="bc2da8b3-3d97-4276-b40c-562d91217c85" testId="9f3b233b-4591-aae6-9829-045a8a2b6bb1" testName="Scenes.Service.IntegrationTest.Controllers.ScenesControllerTest.Get_SceneNotFound_Returns404NotFoundAsync" computerName="dd44c08f07bc" duration="00:00:00.0375338" startTime="2021-03-23T01:50:06.7349934+00:00" endTime="2021-03-23T01:50:06.7349935+00:00" testType="13cdc9d9-ddb5-4fa4-a97d-d965ccfc6d4b" outcome="Passed" testListId="8c84fa94-04c1-424b-9868-57a2d4851a1d" relativeResultsDirectory="bc2da8b3-3d97-4276-b40c-562d91217c85" />
    <UnitTestResult executionId="8d807153-ccb0-4bc6-90a3-834da57acbdf" testId="3df83832-1c88-c6e6-385e-581bdbc213cc" testName="Scenes.Service.IntegrationTest.Controllers.ScenesControllerTest.PutScene_Valid_Returns200OkAsync" computerName="dd44c08f07bc" duration="00:00:00.0426739" startTime="2021-03-23T01:50:06.5161843+00:00" endTime="2021-03-23T01:50:06.5161845+00:00" testType="13cdc9d9-ddb5-4fa4-a97d-d965ccfc6d4b" outcome="Passed" testListId="8c84fa94-04c1-424b-9868-57a2d4851a1d" relativeResultsDirectory="8d807153-ccb0-4bc6-90a3-834da57acbdf" />
    <UnitTestResult executionId="053b1243-adb8-4de0-8f58-049ca4294dba" testId="b76ed0af-c4b5-ff9d-d718-bed7f886f327" testName="Scenes.Service.IntegrationTest.Controllers.ScenesControllerTest.PostScene_EmptyRequestBody_Returns400BadRequestAsync" computerName="dd44c08f07bc" duration="00:00:00.0390244" startTime="2021-03-23T01:50:07.1041984+00:00" endTime="2021-03-23T01:50:07.1041987+00:00" testType="13cdc9d9-ddb5-4fa4-a97d-d965ccfc6d4b" outcome="Passed" testListId="8c84fa94-04c1-424b-9868-57a2d4851a1d" relativeResultsDirectory="053b1243-adb8-4de0-8f58-049ca4294dba" />
    <UnitTestResult executionId="b7522cd9-fbb8-457a-a159-4929b5dd38a9" testId="d1f4774c-36b1-b6ec-891f-305802077fa9" testName="Scenes.Service.IntegrationTest.Controllers.ScenesControllerTest.PatchScene_InvalidScene_Returns400BadRequestAsync" computerName="dd44c08f07bc" duration="00:00:00.0526361" startTime="2021-03-23T01:50:06.8687812+00:00" endTime="2021-03-23T01:50:06.8687815+00:00" testType="13cdc9d9-ddb5-4fa4-a97d-d965ccfc6d4b" outcome="Passed" testListId="8c84fa94-04c1-424b-9868-57a2d4851a1d" relativeResultsDirectory="b7522cd9-fbb8-457a-a159-4929b5dd38a9" />
    <UnitTestResult executionId="55e3dfe4-b617-4bb0-8d3f-bfedccb0aa8b" testId="8025f192-60ed-4ba5-19b5-be22715d7316" testName="Scenes.Service.IntegrationTest.Controllers.ScenesControllerTest.Options_ScenesWithId_Returns200OkAsync" computerName="dd44c08f07bc" duration="00:00:00.0369365" startTime="2021-03-23T01:50:06.6972857+00:00" endTime="2021-03-23T01:50:06.6972859+00:00" testType="13cdc9d9-ddb5-4fa4-a97d-d965ccfc6d4b" outcome="Passed" testListId="8c84fa94-04c1-424b-9868-57a2d4851a1d" relativeResultsDirectory="55e3dfe4-b617-4bb0-8d3f-bfedccb0aa8b" />
  </Results>
  <TestDefinitions>
    <UnitTest name="Scenes.Service.IntegrationTest.Controllers.ScenesControllerTest.PostScene_Invalid_Returns400BadRequestAsync" storage="/workspaces/netlab/src/services/scenes/test/scenes.service.integrationtest/bin/release/net5.0/scenes.service.integrationtest.dll" id="cf207dd8-fed9-064b-bd97-7e63c80a7503">
      <Execution id="e474912c-8b9f-4f29-a875-7d3df4dedc1f" />
      <TestMethod codeBase="/workspaces/NetLab/src/services/scenes/Test/Scenes.Service.IntegrationTest/bin/Release/net5.0/Scenes.Service.IntegrationTest.dll" adapterTypeName="executor://xunit/VsTestRunner2/netcoreapp" className="Scenes.Service.IntegrationTest.Controllers.ScenesControllerTest" name="PostScene_Invalid_Returns400BadRequestAsync" />
    </UnitTest>
    <UnitTest name="Scenes.Service.IntegrationTest.Controllers.ScenesControllerTest.GetPage_MiddlePage_Returns200OkAsync" storage="/workspaces/netlab/src/services/scenes/test/scenes.service.integrationtest/bin/release/net5.0/scenes.service.integrationtest.dll" id="c0a4a0bd-1119-a4e3-a035-0241732fbaaa">
      <Execution id="973d2013-d20b-45f3-9da0-b867973453c6" />
      <TestMethod codeBase="/workspaces/NetLab/src/services/scenes/Test/Scenes.Service.IntegrationTest/bin/Release/net5.0/Scenes.Service.IntegrationTest.dll" adapterTypeName="executor://xunit/VsTestRunner2/netcoreapp" className="Scenes.Service.IntegrationTest.Controllers.ScenesControllerTest" name="GetPage_MiddlePage_Returns200OkAsync" />
    </UnitTest>
    <UnitTest name="Scenes.Service.IntegrationTest.Controllers.ScenesControllerTest.PatchScene_InvalidScene_Returns400BadRequestAsync" storage="/workspaces/netlab/src/services/scenes/test/scenes.service.integrationtest/bin/release/net5.0/scenes.service.integrationtest.dll" id="d1f4774c-36b1-b6ec-891f-305802077fa9">
      <Execution id="b7522cd9-fbb8-457a-a159-4929b5dd38a9" />
      <TestMethod codeBase="/workspaces/NetLab/src/services/scenes/Test/Scenes.Service.IntegrationTest/bin/Release/net5.0/Scenes.Service.IntegrationTest.dll" adapterTypeName="executor://xunit/VsTestRunner2/netcoreapp" className="Scenes.Service.IntegrationTest.Controllers.ScenesControllerTest" name="PatchScene_InvalidScene_Returns400BadRequestAsync" />
    </UnitTest>
    <UnitTest name="Scenes.Service.IntegrationTest.Controllers.ScenesControllerTest.Delete_SceneFound_Returns204NoContentAsync" storage="/workspaces/netlab/src/services/scenes/test/scenes.service.integrationtest/bin/release/net5.0/scenes.service.integrationtest.dll" id="34c8467c-77d8-fc11-f3fb-e567b1b62d71">
      <Execution id="ef9b63a2-abc7-4f1d-a4a3-7337642ce1e9" />
      <TestMethod codeBase="/workspaces/NetLab/src/services/scenes/Test/Scenes.Service.IntegrationTest/bin/Release/net5.0/Scenes.Service.IntegrationTest.dll" adapterTypeName="executor://xunit/VsTestRunner2/netcoreapp" className="Scenes.Service.IntegrationTest.Controllers.ScenesControllerTest" name="Delete_SceneFound_Returns204NoContentAsync" />
    </UnitTest>
    <UnitTest name="Scenes.Service.IntegrationTest.Controllers.ScenesControllerTest.GetPage_LastPage_Returns200OkAsync(path: &quot;/scenes?last=3&quot;)" storage="/workspaces/netlab/src/services/scenes/test/scenes.service.integrationtest/bin/release/net5.0/scenes.service.integrationtest.dll" id="be902804-5663-d16e-9f8a-bc9a7be5032f">
      <Execution id="0f7bcda3-228a-45af-a83a-4f05ac3d372b" />
      <TestMethod codeBase="/workspaces/NetLab/src/services/scenes/Test/Scenes.Service.IntegrationTest/bin/Release/net5.0/Scenes.Service.IntegrationTest.dll" adapterTypeName="executor://xunit/VsTestRunner2/netcoreapp" className="Scenes.Service.IntegrationTest.Controllers.ScenesControllerTest" name="GetPage_LastPage_Returns200OkAsync" />
    </UnitTest>
    <UnitTest name="Scenes.Service.IntegrationTest.Controllers.ScenesControllerTest.PostScene_UnsupportedMediaType_Returns415UnsupportedMediaTypeAsync" storage="/workspaces/netlab/src/services/scenes/test/scenes.service.integrationtest/bin/release/net5.0/scenes.service.integrationtest.dll" id="5258c110-2d46-cd29-485c-b08302b45f78">
      <Execution id="9e864bea-c697-45e5-93b1-2e59f497278e" />
      <TestMethod codeBase="/workspaces/NetLab/src/services/scenes/Test/Scenes.Service.IntegrationTest/bin/Release/net5.0/Scenes.Service.IntegrationTest.dll" adapterTypeName="executor://xunit/VsTestRunner2/netcoreapp" className="Scenes.Service.IntegrationTest.Controllers.ScenesControllerTest" name="PostScene_UnsupportedMediaType_Returns415UnsupportedMediaTypeAsync" />
    </UnitTest>
    <UnitTest name="Scenes.Service.IntegrationTest.Controllers.ScenesControllerTest.Get_SceneHasBeenModifiedSince_Returns200OKAsync" storage="/workspaces/netlab/src/services/scenes/test/scenes.service.integrationtest/bin/release/net5.0/scenes.service.integrationtest.dll" id="70ee9375-5ad8-d58e-41ed-f1a0f41c4f6d">
      <Execution id="6bb15836-6cb0-4d1d-bcc2-cd459183620c" />
      <TestMethod codeBase="/workspaces/NetLab/src/services/scenes/Test/Scenes.Service.IntegrationTest/bin/Release/net5.0/Scenes.Service.IntegrationTest.dll" adapterTypeName="executor://xunit/VsTestRunner2/netcoreapp" className="Scenes.Service.IntegrationTest.Controllers.ScenesControllerTest" name="Get_SceneHasBeenModifiedSince_Returns200OKAsync" />
    </UnitTest>
    <UnitTest name="Scenes.Service.IntegrationTest.Controllers.ScenesControllerTest.GetPage_FirstPage_Returns200OkAsync(path: &quot;/scenes&quot;)" storage="/workspaces/netlab/src/services/scenes/test/scenes.service.integrationtest/bin/release/net5.0/scenes.service.integrationtest.dll" id="b0c5d359-4b60-4de2-d605-9c4c2ff51718">
      <Execution id="708519f9-c858-4a42-a15b-40085ad5cce5" />
      <TestMethod codeBase="/workspaces/NetLab/src/services/scenes/Test/Scenes.Service.IntegrationTest/bin/Release/net5.0/Scenes.Service.IntegrationTest.dll" adapterTypeName="executor://xunit/VsTestRunner2/netcoreapp" className="Scenes.Service.IntegrationTest.Controllers.ScenesControllerTest" name="GetPage_FirstPage_Returns200OkAsync" />
    </UnitTest>
    <UnitTest name="Scenes.Service.IntegrationTest.HealthCheckTest.GetStatus_Default_Returns200OkAsync" storage="/workspaces/netlab/src/services/scenes/test/scenes.service.integrationtest/bin/release/net5.0/scenes.service.integrationtest.dll" id="200f90f8-fc4e-8c6a-39fe-29fa93cc4e05">
      <Execution id="2e676cfa-9497-4549-b3aa-9209aaa728a3" />
      <TestMethod codeBase="/workspaces/NetLab/src/services/scenes/Test/Scenes.Service.IntegrationTest/bin/Release/net5.0/Scenes.Service.IntegrationTest.dll" adapterTypeName="executor://xunit/VsTestRunner2/netcoreapp" className="Scenes.Service.IntegrationTest.HealthCheckTest" name="GetStatus_Default_Returns200OkAsync" />
    </UnitTest>
    <UnitTest name="Scenes.Service.IntegrationTest.Controllers.ScenesControllerTest.PutScene_Valid_Returns200OkAsync" storage="/workspaces/netlab/src/services/scenes/test/scenes.service.integrationtest/bin/release/net5.0/scenes.service.integrationtest.dll" id="3df83832-1c88-c6e6-385e-581bdbc213cc">
      <Execution id="8d807153-ccb0-4bc6-90a3-834da57acbdf" />
      <TestMethod codeBase="/workspaces/NetLab/src/services/scenes/Test/Scenes.Service.IntegrationTest/bin/Release/net5.0/Scenes.Service.IntegrationTest.dll" adapterTypeName="executor://xunit/VsTestRunner2/netcoreapp" className="Scenes.Service.IntegrationTest.Controllers.ScenesControllerTest" name="PutScene_Valid_Returns200OkAsync" />
    </UnitTest>
    <UnitTest name="Scenes.Service.IntegrationTest.Controllers.ScenesControllerTest.Get_SceneNotModifiedSince_Returns304NotModifiedAsync" storage="/workspaces/netlab/src/services/scenes/test/scenes.service.integrationtest/bin/release/net5.0/scenes.service.integrationtest.dll" id="d7a76488-c404-cc0a-6a8c-61174c1afd78">
      <Execution id="01d33fbd-9a96-4d70-95bd-3f341a317bd2" />
      <TestMethod codeBase="/workspaces/NetLab/src/services/scenes/Test/Scenes.Service.IntegrationTest/bin/Release/net5.0/Scenes.Service.IntegrationTest.dll" adapterTypeName="executor://xunit/VsTestRunner2/netcoreapp" className="Scenes.Service.IntegrationTest.Controllers.ScenesControllerTest" name="Get_SceneNotModifiedSince_Returns304NotModifiedAsync" />
    </UnitTest>
    <UnitTest name="Scenes.Service.IntegrationTest.Controllers.ScenesControllerTest.GetPage_LastPage_Returns200OkAsync(path: &quot;/scenes?last=3&amp;before=THIS_IS_INVALID&quot;)" storage="/workspaces/netlab/src/services/scenes/test/scenes.service.integrationtest/bin/release/net5.0/scenes.service.integrationtest.dll" id="a6959f4f-d2e2-93bd-f917-a86200a7c872">
      <Execution id="227d9233-bdf3-4b65-a2e0-0c01416dbb48" />
      <TestMethod codeBase="/workspaces/NetLab/src/services/scenes/Test/Scenes.Service.IntegrationTest/bin/Release/net5.0/Scenes.Service.IntegrationTest.dll" adapterTypeName="executor://xunit/VsTestRunner2/netcoreapp" className="Scenes.Service.IntegrationTest.Controllers.ScenesControllerTest" name="GetPage_LastPage_Returns200OkAsync" />
    </UnitTest>
    <UnitTest name="Scenes.Service.IntegrationTest.Controllers.ScenesControllerTest.Options_ScenesRoot_Returns200OkAsync" storage="/workspaces/netlab/src/services/scenes/test/scenes.service.integrationtest/bin/release/net5.0/scenes.service.integrationtest.dll" id="8de16c90-db30-75f3-94f6-12dd13247d6b">
      <Execution id="1d0fcbd4-c2f4-4dbf-a7d1-f952cef1e65e" />
      <TestMethod codeBase="/workspaces/NetLab/src/services/scenes/Test/Scenes.Service.IntegrationTest/bin/Release/net5.0/Scenes.Service.IntegrationTest.dll" adapterTypeName="executor://xunit/VsTestRunner2/netcoreapp" className="Scenes.Service.IntegrationTest.Controllers.ScenesControllerTest" name="Options_ScenesRoot_Returns200OkAsync" />
    </UnitTest>
    <UnitTest name="Scenes.Service.IntegrationTest.Controllers.ScenesControllerTest.Options_ScenesWithId_Returns200OkAsync" storage="/workspaces/netlab/src/services/scenes/test/scenes.service.integrationtest/bin/release/net5.0/scenes.service.integrationtest.dll" id="8025f192-60ed-4ba5-19b5-be22715d7316">
      <Execution id="55e3dfe4-b617-4bb0-8d3f-bfedccb0aa8b" />
      <TestMethod codeBase="/workspaces/NetLab/src/services/scenes/Test/Scenes.Service.IntegrationTest/bin/Release/net5.0/Scenes.Service.IntegrationTest.dll" adapterTypeName="executor://xunit/VsTestRunner2/netcoreapp" className="Scenes.Service.IntegrationTest.Controllers.ScenesControllerTest" name="Options_ScenesWithId_Returns200OkAsync" />
    </UnitTest>
    <UnitTest name="Scenes.Service.IntegrationTest.Controllers.ScenesControllerTest.GetPage_FirstPage_Returns200OkAsync(path: &quot;/scenes?first=3&amp;after=THIS_IS_INVALID&quot;)" storage="/workspaces/netlab/src/services/scenes/test/scenes.service.integrationtest/bin/release/net5.0/scenes.service.integrationtest.dll" id="9f06f87b-0b91-1c0c-b0d7-ca2f0d10d100">
      <Execution id="b7b2711a-e4dd-4ac4-ba7a-029868220666" />
      <TestMethod codeBase="/workspaces/NetLab/src/services/scenes/Test/Scenes.Service.IntegrationTest/bin/Release/net5.0/Scenes.Service.IntegrationTest.dll" adapterTypeName="executor://xunit/VsTestRunner2/netcoreapp" className="Scenes.Service.IntegrationTest.Controllers.ScenesControllerTest" name="GetPage_FirstPage_Returns200OkAsync" />
    </UnitTest>
    <UnitTest name="Scenes.Service.IntegrationTest.Controllers.ScenesControllerTest.GetPage_FirstPage_Returns200OkAsync(path: &quot;/scenes?first=3&quot;)" storage="/workspaces/netlab/src/services/scenes/test/scenes.service.integrationtest/bin/release/net5.0/scenes.service.integrationtest.dll" id="dcdd9c27-bcfc-a5a0-a56b-fd1153a97c55">
      <Execution id="7536e554-5b8c-4762-ab17-d9b25be36730" />
      <TestMethod codeBase="/workspaces/NetLab/src/services/scenes/Test/Scenes.Service.IntegrationTest/bin/Release/net5.0/Scenes.Service.IntegrationTest.dll" adapterTypeName="executor://xunit/VsTestRunner2/netcoreapp" className="Scenes.Service.IntegrationTest.Controllers.ScenesControllerTest" name="GetPage_FirstPage_Returns200OkAsync" />
    </UnitTest>
    <UnitTest name="Scenes.Service.IntegrationTest.Controllers.ScenesControllerTest.PutScene_SceneNotFound_Returns404NotFoundAsync" storage="/workspaces/netlab/src/services/scenes/test/scenes.service.integrationtest/bin/release/net5.0/scenes.service.integrationtest.dll" id="24bc6fed-b113-5c44-d785-89893d588203">
      <Execution id="f7fc08cb-6619-4996-87fb-2c67f96f7335" />
      <TestMethod codeBase="/workspaces/NetLab/src/services/scenes/Test/Scenes.Service.IntegrationTest/bin/Release/net5.0/Scenes.Service.IntegrationTest.dll" adapterTypeName="executor://xunit/VsTestRunner2/netcoreapp" className="Scenes.Service.IntegrationTest.Controllers.ScenesControllerTest" name="PutScene_SceneNotFound_Returns404NotFoundAsync" />
    </UnitTest>
    <UnitTest name="Scenes.Service.IntegrationTest.Controllers.ScenesControllerTest.PutScene_Invalid_Returns400BadRequestAsync" storage="/workspaces/netlab/src/services/scenes/test/scenes.service.integrationtest/bin/release/net5.0/scenes.service.integrationtest.dll" id="ec50ca7b-1f79-6395-b7de-24dab13e45fa">
      <Execution id="057b0390-3740-4c98-b531-7fca0c3a4dcb" />
      <TestMethod codeBase="/workspaces/NetLab/src/services/scenes/Test/Scenes.Service.IntegrationTest/bin/Release/net5.0/Scenes.Service.IntegrationTest.dll" adapterTypeName="executor://xunit/VsTestRunner2/netcoreapp" className="Scenes.Service.IntegrationTest.Controllers.ScenesControllerTest" name="PutScene_Invalid_Returns400BadRequestAsync" />
    </UnitTest>
    <UnitTest name="Scenes.Service.IntegrationTest.Controllers.ScenesControllerTest.PatchScene_SceneNotFound_Returns404NotFoundAsync" storage="/workspaces/netlab/src/services/scenes/test/scenes.service.integrationtest/bin/release/net5.0/scenes.service.integrationtest.dll" id="e8f893bc-4992-6546-c237-f5387dfdbdf3">
      <Execution id="b5a71e98-61cd-4cc9-b15e-e36f86238cc2" />
      <TestMethod codeBase="/workspaces/NetLab/src/services/scenes/Test/Scenes.Service.IntegrationTest/bin/Release/net5.0/Scenes.Service.IntegrationTest.dll" adapterTypeName="executor://xunit/VsTestRunner2/netcoreapp" className="Scenes.Service.IntegrationTest.Controllers.ScenesControllerTest" name="PatchScene_SceneNotFound_Returns404NotFoundAsync" />
    </UnitTest>
    <UnitTest name="Scenes.Service.IntegrationTest.Controllers.ScenesControllerTest.Delete_SceneNotFound_Returns404NotFoundAsync" storage="/workspaces/netlab/src/services/scenes/test/scenes.service.integrationtest/bin/release/net5.0/scenes.service.integrationtest.dll" id="99c59a98-5015-a060-6415-2bdb5f8c3e93">
      <Execution id="70f0ebb6-9d40-49e3-8ce3-e2e074dcdafb" />
      <TestMethod codeBase="/workspaces/NetLab/src/services/scenes/Test/Scenes.Service.IntegrationTest/bin/Release/net5.0/Scenes.Service.IntegrationTest.dll" adapterTypeName="executor://xunit/VsTestRunner2/netcoreapp" className="Scenes.Service.IntegrationTest.Controllers.ScenesControllerTest" name="Delete_SceneNotFound_Returns404NotFoundAsync" />
    </UnitTest>
    <UnitTest name="Scenes.Service.IntegrationTest.Controllers.ScenesControllerTest.Get_InvalidAcceptHeader_Returns406NotAcceptableAsync" storage="/workspaces/netlab/src/services/scenes/test/scenes.service.integrationtest/bin/release/net5.0/scenes.service.integrationtest.dll" id="ccfb18b9-e708-7797-3de7-51b5838499d2">
      <Execution id="2008fa20-0e17-4c22-bfec-bc7da94ab163" />
      <TestMethod codeBase="/workspaces/NetLab/src/services/scenes/Test/Scenes.Service.IntegrationTest/bin/Release/net5.0/Scenes.Service.IntegrationTest.dll" adapterTypeName="executor://xunit/VsTestRunner2/netcoreapp" className="Scenes.Service.IntegrationTest.Controllers.ScenesControllerTest" name="Get_InvalidAcceptHeader_Returns406NotAcceptableAsync" />
    </UnitTest>
    <UnitTest name="Scenes.Service.IntegrationTest.Controllers.ScenesControllerTest.GetPage_SecondPage_Returns200OkAsync" storage="/workspaces/netlab/src/services/scenes/test/scenes.service.integrationtest/bin/release/net5.0/scenes.service.integrationtest.dll" id="28f1a749-291a-a3b7-e91e-ee00bf7e9cf4">
      <Execution id="bc0ec14b-2a85-4eb7-a9c8-b14ee7c12d6b" />
      <TestMethod codeBase="/workspaces/NetLab/src/services/scenes/Test/Scenes.Service.IntegrationTest/bin/Release/net5.0/Scenes.Service.IntegrationTest.dll" adapterTypeName="executor://xunit/VsTestRunner2/netcoreapp" className="Scenes.Service.IntegrationTest.Controllers.ScenesControllerTest" name="GetPage_SecondPage_Returns200OkAsync" />
    </UnitTest>
    <UnitTest name="Scenes.Service.IntegrationTest.Controllers.ScenesControllerTest.PostScene_Valid_Returns201CreatedAsync" storage="/workspaces/netlab/src/services/scenes/test/scenes.service.integrationtest/bin/release/net5.0/scenes.service.integrationtest.dll" id="7c199ac2-1d37-de2a-4b32-80accf954027">
      <Execution id="ca715140-e0d6-4888-8f2c-9ceb2be01d8b" />
      <TestMethod codeBase="/workspaces/NetLab/src/services/scenes/Test/Scenes.Service.IntegrationTest/bin/Release/net5.0/Scenes.Service.IntegrationTest.dll" adapterTypeName="executor://xunit/VsTestRunner2/netcoreapp" className="Scenes.Service.IntegrationTest.Controllers.ScenesControllerTest" name="PostScene_Valid_Returns201CreatedAsync" />
    </UnitTest>
    <UnitTest name="Scenes.Service.IntegrationTest.Controllers.ScenesControllerTest.Get_SceneNotFound_Returns404NotFoundAsync" storage="/workspaces/netlab/src/services/scenes/test/scenes.service.integrationtest/bin/release/net5.0/scenes.service.integrationtest.dll" id="9f3b233b-4591-aae6-9829-045a8a2b6bb1">
      <Execution id="bc2da8b3-3d97-4276-b40c-562d91217c85" />
      <TestMethod codeBase="/workspaces/NetLab/src/services/scenes/Test/Scenes.Service.IntegrationTest/bin/Release/net5.0/Scenes.Service.IntegrationTest.dll" adapterTypeName="executor://xunit/VsTestRunner2/netcoreapp" className="Scenes.Service.IntegrationTest.Controllers.ScenesControllerTest" name="Get_SceneNotFound_Returns404NotFoundAsync" />
    </UnitTest>
    <UnitTest name="Scenes.Service.IntegrationTest.Controllers.ScenesControllerTest.PatchScene_ValidScene_Returns200OkAsync" storage="/workspaces/netlab/src/services/scenes/test/scenes.service.integrationtest/bin/release/net5.0/scenes.service.integrationtest.dll" id="35262777-0563-1b34-ed70-4b42be1147c8">
      <Execution id="2545da3d-709a-489a-a902-0c9ee9532a60" />
      <TestMethod codeBase="/workspaces/NetLab/src/services/scenes/Test/Scenes.Service.IntegrationTest/bin/Release/net5.0/Scenes.Service.IntegrationTest.dll" adapterTypeName="executor://xunit/VsTestRunner2/netcoreapp" className="Scenes.Service.IntegrationTest.Controllers.ScenesControllerTest" name="PatchScene_ValidScene_Returns200OkAsync" />
    </UnitTest>
    <UnitTest name="Scenes.Service.IntegrationTest.HealthCheckTest.GetStatusSelf_Default_Returns200OkAsync" storage="/workspaces/netlab/src/services/scenes/test/scenes.service.integrationtest/bin/release/net5.0/scenes.service.integrationtest.dll" id="fd3660e6-8dcd-0103-39f1-198fee0d41fc">
      <Execution id="1c57e0c5-a6c6-42ec-a747-9dd35af7dc4f" />
      <TestMethod codeBase="/workspaces/NetLab/src/services/scenes/Test/Scenes.Service.IntegrationTest/bin/Release/net5.0/Scenes.Service.IntegrationTest.dll" adapterTypeName="executor://xunit/VsTestRunner2/netcoreapp" className="Scenes.Service.IntegrationTest.HealthCheckTest" name="GetStatusSelf_Default_Returns200OkAsync" />
    </UnitTest>
    <UnitTest name="Scenes.Service.IntegrationTest.Controllers.ScenesControllerTest.PostScene_EmptyRequestBody_Returns400BadRequestAsync" storage="/workspaces/netlab/src/services/scenes/test/scenes.service.integrationtest/bin/release/net5.0/scenes.service.integrationtest.dll" id="b76ed0af-c4b5-ff9d-d718-bed7f886f327">
      <Execution id="053b1243-adb8-4de0-8f58-049ca4294dba" />
      <TestMethod codeBase="/workspaces/NetLab/src/services/scenes/Test/Scenes.Service.IntegrationTest/bin/Release/net5.0/Scenes.Service.IntegrationTest.dll" adapterTypeName="executor://xunit/VsTestRunner2/netcoreapp" className="Scenes.Service.IntegrationTest.Controllers.ScenesControllerTest" name="PostScene_EmptyRequestBody_Returns400BadRequestAsync" />
    </UnitTest>
    <UnitTest name="Scenes.Service.IntegrationTest.Controllers.ScenesControllerTest.Get_SceneFound_Returns200OkAsync" storage="/workspaces/netlab/src/services/scenes/test/scenes.service.integrationtest/bin/release/net5.0/scenes.service.integrationtest.dll" id="fbc82069-8f42-c5a1-a93a-62a80fccc6c4">
      <Execution id="e071c9a3-9088-45e7-bee8-21cc02c107d7" />
      <TestMethod codeBase="/workspaces/NetLab/src/services/scenes/Test/Scenes.Service.IntegrationTest/bin/Release/net5.0/Scenes.Service.IntegrationTest.dll" adapterTypeName="executor://xunit/VsTestRunner2/netcoreapp" className="Scenes.Service.IntegrationTest.Controllers.ScenesControllerTest" name="Get_SceneFound_Returns200OkAsync" />
    </UnitTest>
    <UnitTest name="Scenes.Service.IntegrationTest.Controllers.ScenesControllerTest.GetPage_SecondLastPage_Returns200OkAsync" storage="/workspaces/netlab/src/services/scenes/test/scenes.service.integrationtest/bin/release/net5.0/scenes.service.integrationtest.dll" id="78b416c8-5924-d54f-f5be-59c23495c671">
      <Execution id="e96b2049-f078-4778-bce7-1fd472ce7d8b" />
      <TestMethod codeBase="/workspaces/NetLab/src/services/scenes/Test/Scenes.Service.IntegrationTest/bin/Release/net5.0/Scenes.Service.IntegrationTest.dll" adapterTypeName="executor://xunit/VsTestRunner2/netcoreapp" className="Scenes.Service.IntegrationTest.Controllers.ScenesControllerTest" name="GetPage_SecondLastPage_Returns200OkAsync" />
    </UnitTest>
  </TestDefinitions>
  <TestEntries>
    <TestEntry testId="24bc6fed-b113-5c44-d785-89893d588203" executionId="f7fc08cb-6619-4996-87fb-2c67f96f7335" testListId="8c84fa94-04c1-424b-9868-57a2d4851a1d" />
    <TestEntry testId="dcdd9c27-bcfc-a5a0-a56b-fd1153a97c55" executionId="7536e554-5b8c-4762-ab17-d9b25be36730" testListId="8c84fa94-04c1-424b-9868-57a2d4851a1d" />
    <TestEntry testId="34c8467c-77d8-fc11-f3fb-e567b1b62d71" executionId="ef9b63a2-abc7-4f1d-a4a3-7337642ce1e9" testListId="8c84fa94-04c1-424b-9868-57a2d4851a1d" />
    <TestEntry testId="8de16c90-db30-75f3-94f6-12dd13247d6b" executionId="1d0fcbd4-c2f4-4dbf-a7d1-f952cef1e65e" testListId="8c84fa94-04c1-424b-9868-57a2d4851a1d" />
    <TestEntry testId="5258c110-2d46-cd29-485c-b08302b45f78" executionId="9e864bea-c697-45e5-93b1-2e59f497278e" testListId="8c84fa94-04c1-424b-9868-57a2d4851a1d" />
    <TestEntry testId="d7a76488-c404-cc0a-6a8c-61174c1afd78" executionId="01d33fbd-9a96-4d70-95bd-3f341a317bd2" testListId="8c84fa94-04c1-424b-9868-57a2d4851a1d" />
    <TestEntry testId="cf207dd8-fed9-064b-bd97-7e63c80a7503" executionId="e474912c-8b9f-4f29-a875-7d3df4dedc1f" testListId="8c84fa94-04c1-424b-9868-57a2d4851a1d" />
    <TestEntry testId="fbc82069-8f42-c5a1-a93a-62a80fccc6c4" executionId="e071c9a3-9088-45e7-bee8-21cc02c107d7" testListId="8c84fa94-04c1-424b-9868-57a2d4851a1d" />
    <TestEntry testId="70ee9375-5ad8-d58e-41ed-f1a0f41c4f6d" executionId="6bb15836-6cb0-4d1d-bcc2-cd459183620c" testListId="8c84fa94-04c1-424b-9868-57a2d4851a1d" />
    <TestEntry testId="9f06f87b-0b91-1c0c-b0d7-ca2f0d10d100" executionId="b7b2711a-e4dd-4ac4-ba7a-029868220666" testListId="8c84fa94-04c1-424b-9868-57a2d4851a1d" />
    <TestEntry testId="200f90f8-fc4e-8c6a-39fe-29fa93cc4e05" executionId="2e676cfa-9497-4549-b3aa-9209aaa728a3" testListId="8c84fa94-04c1-424b-9868-57a2d4851a1d" />
    <TestEntry testId="a6959f4f-d2e2-93bd-f917-a86200a7c872" executionId="227d9233-bdf3-4b65-a2e0-0c01416dbb48" testListId="8c84fa94-04c1-424b-9868-57a2d4851a1d" />
    <TestEntry testId="35262777-0563-1b34-ed70-4b42be1147c8" executionId="2545da3d-709a-489a-a902-0c9ee9532a60" testListId="8c84fa94-04c1-424b-9868-57a2d4851a1d" />
    <TestEntry testId="78b416c8-5924-d54f-f5be-59c23495c671" executionId="e96b2049-f078-4778-bce7-1fd472ce7d8b" testListId="8c84fa94-04c1-424b-9868-57a2d4851a1d" />
    <TestEntry testId="ccfb18b9-e708-7797-3de7-51b5838499d2" executionId="2008fa20-0e17-4c22-bfec-bc7da94ab163" testListId="8c84fa94-04c1-424b-9868-57a2d4851a1d" />
    <TestEntry testId="b0c5d359-4b60-4de2-d605-9c4c2ff51718" executionId="708519f9-c858-4a42-a15b-40085ad5cce5" testListId="8c84fa94-04c1-424b-9868-57a2d4851a1d" />
    <TestEntry testId="7c199ac2-1d37-de2a-4b32-80accf954027" executionId="ca715140-e0d6-4888-8f2c-9ceb2be01d8b" testListId="8c84fa94-04c1-424b-9868-57a2d4851a1d" />
    <TestEntry testId="ec50ca7b-1f79-6395-b7de-24dab13e45fa" executionId="057b0390-3740-4c98-b531-7fca0c3a4dcb" testListId="8c84fa94-04c1-424b-9868-57a2d4851a1d" />
    <TestEntry testId="c0a4a0bd-1119-a4e3-a035-0241732fbaaa" executionId="973d2013-d20b-45f3-9da0-b867973453c6" testListId="8c84fa94-04c1-424b-9868-57a2d4851a1d" />
    <TestEntry testId="fd3660e6-8dcd-0103-39f1-198fee0d41fc" executionId="1c57e0c5-a6c6-42ec-a747-9dd35af7dc4f" testListId="8c84fa94-04c1-424b-9868-57a2d4851a1d" />
    <TestEntry testId="99c59a98-5015-a060-6415-2bdb5f8c3e93" executionId="70f0ebb6-9d40-49e3-8ce3-e2e074dcdafb" testListId="8c84fa94-04c1-424b-9868-57a2d4851a1d" />
    <TestEntry testId="be902804-5663-d16e-9f8a-bc9a7be5032f" executionId="0f7bcda3-228a-45af-a83a-4f05ac3d372b" testListId="8c84fa94-04c1-424b-9868-57a2d4851a1d" />
    <TestEntry testId="e8f893bc-4992-6546-c237-f5387dfdbdf3" executionId="b5a71e98-61cd-4cc9-b15e-e36f86238cc2" testListId="8c84fa94-04c1-424b-9868-57a2d4851a1d" />
    <TestEntry testId="28f1a749-291a-a3b7-e91e-ee00bf7e9cf4" executionId="bc0ec14b-2a85-4eb7-a9c8-b14ee7c12d6b" testListId="8c84fa94-04c1-424b-9868-57a2d4851a1d" />
    <TestEntry testId="9f3b233b-4591-aae6-9829-045a8a2b6bb1" executionId="bc2da8b3-3d97-4276-b40c-562d91217c85" testListId="8c84fa94-04c1-424b-9868-57a2d4851a1d" />
    <TestEntry testId="3df83832-1c88-c6e6-385e-581bdbc213cc" executionId="8d807153-ccb0-4bc6-90a3-834da57acbdf" testListId="8c84fa94-04c1-424b-9868-57a2d4851a1d" />
    <TestEntry testId="b76ed0af-c4b5-ff9d-d718-bed7f886f327" executionId="053b1243-adb8-4de0-8f58-049ca4294dba" testListId="8c84fa94-04c1-424b-9868-57a2d4851a1d" />
    <TestEntry testId="d1f4774c-36b1-b6ec-891f-305802077fa9" executionId="b7522cd9-fbb8-457a-a159-4929b5dd38a9" testListId="8c84fa94-04c1-424b-9868-57a2d4851a1d" />
    <TestEntry testId="8025f192-60ed-4ba5-19b5-be22715d7316" executionId="55e3dfe4-b617-4bb0-8d3f-bfedccb0aa8b" testListId="8c84fa94-04c1-424b-9868-57a2d4851a1d" />
  </TestEntries>
  <TestLists>
    <TestList name="Results Not in a List" id="8c84fa94-04c1-424b-9868-57a2d4851a1d" />
    <TestList name="All Loaded Results" id="19431567-8539-422a-85d7-44ee4e166bda" />
  </TestLists>
  <ResultSummary outcome="Completed">
    <Counters total="29" executed="29" passed="29" failed="0" error="0" timeout="0" aborted="0" inconclusive="0" passedButRunAborted="0" notRunnable="0" notExecuted="0" disconnected="0" warning="0" completed="0" inProgress="0" pending="0" />
    <Output>
      <StdOut>[xUnit.net 00:00:00.00] xUnit.net VSTest Adapter v2.4.3+1b45f5407b (64-bit .NET 5.0.4)
[xUnit.net 00:00:00.67]   Discovering: Scenes.Service.IntegrationTest
[xUnit.net 00:00:00.71]   Discovered:  Scenes.Service.IntegrationTest
[xUnit.net 00:00:00.71]   Starting:    Scenes.Service.IntegrationTest
[xUnit.net 00:00:02.31]   Finished:    Scenes.Service.IntegrationTest
</StdOut>
    </Output>
    <CollectorDataEntries>
      <Collector agentName="dd44c08f07bc" uri="datacollector://microsoft/CoverletCodeCoverage/1.0" collectorDisplayName="XPlat code coverage">
        <UriAttachments>
          <UriAttachment>
            <A href="dd44c08f07bc/coverage.cobertura.xml"></A>
          </UriAttachment>
        </UriAttachments>
      </Collector>
    </CollectorDataEntries>
  </ResultSummary>
</TestRun>